../Core/Src/ST7735.c:6:6:lcd7735_senddata	16	static
../Core/Src/ST7735.c:9:6:lcd7735_send16bData	24	static
../Core/Src/ST7735.c:29:6:ST7735_Init	8	static
../Core/Src/ST7735.c:40:6:ST7735_SetCursor	16	static
../Core/Src/ST7735.c:48:6:ST7735_FillRect	32	static
../Core/Src/ST7735.c:65:6:ST7735_FillScreen	24	static
../Core/Src/ST7735.c:69:13:writecommand	16	static
../Core/Src/ST7735.c:73:13:writedata	16	static
../Core/Src/ST7735.c:78:13:setAddrWindow	24	static
../Core/Src/ST7735.c:96:6:Delay_Millisecond	24	static
../Core/Src/ST7735.c:113:6:standard_Init_Cmd	8	static
../Core/Src/ST7735.c:135:13:pushColor	16	static
../Core/Src/ST7735.c:140:6:ST7735_DrawPixel	16	static
../Core/Src/ST7735.c:149:6:ST7735_DrawFastVLine	32	static
../Core/Src/ST7735.c:163:6:ST7735_DrawFastHLine	32	static
../Core/Src/ST7735.c:177:6:ST7735_DrawBitmap	40	static
../Core/Src/ST7735.c:223:6:ST7735_DrawCharS	48	static
../Core/Src/ST7735.c:256:6:ST7735_DrawChar	48	static
../Core/Src/ST7735.c:294:10:ST7735_Color565	16	static
../Core/Src/ST7735.c:298:10:ST7735_DrawString	48	static
../Core/Src/ST7735.c:315:6:ST7735_PlotClear	24	static
../Core/Src/ST7735.c:333:6:ST7735_SimplePlotPoint	24	static
../Core/Src/ST7735.c:347:6:ST7735_PlotPoint	16	static
../Core/Src/ST7735.c:360:6:ST7735_PlotIncrement	8	static
../Core/Src/ST7735.c:370:6:ST7735_PlotLine	24	static
../Core/Src/ST7735.c:401:6:ST7735_PlotBar	24	static
../Core/Src/ST7735.c:411:6:ST7735_PlotNext	4	static
../Core/Src/ST7735.c:419:6:lcd7735_sendCmd	16	static
../Core/Src/ST7735.c:424:6:lcd7735_sendData	16	static
../Core/Src/ST7735.c:429:6:lcd7735_at	24	static
../Core/Src/ST7735.c:448:6:ST7735_Drawaxes	48	static
